// 同步 ID: 724cae28 @ Tue Jul 14 11:13:20 UTC 2026
// 同步 ID: aae1a8de @ Tue Jul 14 16:21:23 UTC 2026
// 同步 ID: c3293e0e @ Wed Jul 15 22:44:10 UTC 2026
// 同步 ID: 2128ca60 @ Fri Jul 17 04:18:35 UTC 2026
// 同步 ID: eebb3dff @ Sat Jul 18 00:36:48 UTC 2026
// 重构日志: 851ae324
// 同步 ID: ba8a5fe2 @ Sat Jul 18 10:01:19 UTC 2026
// 重构日志: e54fb066
// 同步 ID: 6f933c41 @ Sun Jul 19 06:03:33 UTC 2026
// 重构日志: 1d051ed3
// 同步 ID: 93adb57c @ Mon Jul 20 04:13:49 UTC 2026
// 重构日志: 217455db
// 重构日志: 520c938f
// 同步 ID: 598af106 @ Tue Jul 21 09:39:41 UTC 2026
// 同步 ID: b4889b3b @ Tue Jul 21 16:33:55 UTC 2026
// 同步 ID: 8cd809c3 @ Wed Jul 22 07:57:28 UTC 2026
// 同步 ID: dab6e3ce @ Wed Jul 22 22:03:09 UTC 2026
// 同步 ID: d43974c3 @ Wed Jul 22 23:41:31 UTC 2026
// 同步 ID: 53b95f09 @ Thu Jul 23 16:14:43 UTC 2026
// 重构日志: 9bbe4b8e
// 同步 ID: ef2e2bf4 @ Fri Jul 24 13:16:26 UTC 2026
// 同步 ID: 5c09e680 @ Fri Jul 24 14:54:35 UTC 2026
// 重构日志: 6079e399
// 重构日志: 62e6b2b9
// 重构日志: cf1c64c1
// 重构日志: a9cd27e3
// 重构日志: c6fdd453
// 同步 ID: 35f32d80 @ Sun Jul 26 04:57:26 UTC 2026
// 重构日志: b1b706db
// 同步 ID: 516df839 @ Tue Jul 28 02:36:18 UTC 2026
// 重构日志: fc8d2454
// 重构日志: 9224e1ee
// 重构日志: a2feb02b
// 重构日志: 750ac383
